// Jest Snapshot v1, https://goo.gl/fbAQLP

exports[`Loading component render component success 1`] = `
<div>
  <div
    class="usedTime-container-pagination"
  >
    
    <nav
      aria-label="Countries Pagination"
    >
      <ul
        class="pagination"
      >
        <li
          class="page-item"
        >
          <a
            href="/used_time?page=1&sort=undefined&search=undefined&date=undefined&type=undefined"
          >
            <a
              class="page-link"
              data-testid="1"
              href="#"
            >
              1
            </a>
          </a>
        </li>
        <li
          class="page-item"
        >
          <a
            href="/used_time?page=3&sort=undefined&search=undefined&date=undefined&type=undefined"
          >
            <a
              aria-label="Previous"
              class="page-link"
              href="#"
            >
              <span
                aria-hidden="true"
              >
                «
              </span>
              <span
                class="sr-only"
              >
                Previous
              </span>
            </a>
          </a>
        </li>
        <li
          class="page-item"
        >
          <a
            href="/used_time?page=3&sort=undefined&search=undefined&date=undefined&type=undefined"
          >
            <a
              class="page-link"
              data-testid="3"
              href="#"
            >
              3
            </a>
          </a>
        </li>
        <li
          class="page-item active"
        >
          <a
            href="/used_time?page=4&sort=undefined&search=undefined&date=undefined&type=undefined"
          >
            <a
              class="page-link"
              data-testid="4"
              href="#"
            >
              4
            </a>
          </a>
        </li>
        <li
          class="page-item"
        >
          <a
            href="/used_time?page=5&sort=undefined&search=undefined&date=undefined&type=undefined"
          >
            <a
              class="page-link"
              data-testid="5"
              href="#"
            >
              5
            </a>
          </a>
        </li>
        <li
          class="page-item"
        >
          <a
            href="/used_time?page=5&sort=undefined&search=undefined&date=undefined&type=undefined"
          >
            <a
              aria-expanded="false"
              aria-label="Next"
              class="page-link"
              href="#"
            >
              <span
                aria-hidden="true"
              >
                »
              </span>
              <span
                class="sr-only"
              >
                Next
              </span>
            </a>
          </a>
        </li>
        <li
          class="page-item"
        >
          <a
            href="/used_time?page=20&sort=undefined&search=undefined&date=undefined&type=undefined"
          >
            <a
              class="page-link"
              data-testid="20"
              href="#"
            >
              20
            </a>
          </a>
        </li>
      </ul>
    </nav>
  </div>
</div>
`;
